This program was called with 1 arguments.
Hello World!
